#-----------------------------------------------------------
# Vivado v2015.2 (64-bit)
# SW Build 1266856 on Fri Jun 26 16:35:25 MDT 2015
# IP Build 1264090 on Wed Jun 24 14:22:01 MDT 2015
# Start of session at: Thu Dec 20 11:22:28 2018
# Process ID: 9800
# Log file: E:/STUDY/BlueToothCar/system_ability_1_2018/MIPSfpga_axi4_ddr/vivado.log
# Journal file: E:/STUDY/BlueToothCar/system_ability_1_2018/MIPSfpga_axi4_ddr\vivado.jou
#-----------------------------------------------------------
start_gui
open_project E:/STUDY/BlueToothCar/system_ability_1_2018/MIPSfpga_axi4_ddr/MIPSfpga_axi4.xpr
open_hw
connect_hw_server
open_hw_target [lindex [get_hw_targets -of_objects [get_hw_servers localhost]] 0]
set_property PROGRAM.FILE {E:/STUDY/BlueToothCar/system_ability_1_2018/MIPSfpga_axi4_ddr/MIPSfpga_axi4.runs/impl_1/MIPSfpga_system_wrapper_1219.bit} [lindex [get_hw_devices] 0]
current_hw_device [lindex [get_hw_devices] 0]
refresh_hw_device -update_hw_probes false [lindex [get_hw_devices] 0]
set_property PROBES.FILE {} [lindex [get_hw_devices] 0]
set_property PROGRAM.FILE {E:/STUDY/BlueToothCar/system_ability_1_2018/MIPSfpga_axi4_ddr/MIPSfpga_axi4.runs/impl_1/MIPSfpga_system_wrapper.bit} [lindex [get_hw_devices] 0]
program_hw_devices [lindex [get_hw_devices] 0]
refresh_hw_device [lindex [get_hw_devices] 0]
